// Jest Snapshot v1, https://goo.gl/fbAQLP

exports[`Get all players 1`] = `
Array [
  Object {
    "bonus": 11,
    "firstname": "Wojciech",
    "gender": "m",
    "id": 3,
    "lastname": "Bańczyk",
    "top": 10,
  },
  Object {
    "bonus": 14,
    "firstname": "Jakub",
    "gender": "m",
    "id": 6,
    "lastname": "Bogucki",
    "top": 14,
  },
  Object {
    "bonus": 8,
    "firstname": "Ola",
    "gender": "f",
    "id": 7,
    "lastname": "Chomicz",
    "top": 6,
  },
  Object {
    "bonus": 13,
    "firstname": "Karolina",
    "gender": "f",
    "id": 4,
    "lastname": "Kozakiewicz",
    "top": 12,
  },
  Object {
    "bonus": 20,
    "firstname": "Anna",
    "gender": "f",
    "id": 9,
    "lastname": "Nowak",
    "top": 20,
  },
  Object {
    "bonus": 13,
    "firstname": "Michał",
    "gender": "m",
    "id": 2,
    "lastname": "Nowak",
    "top": 10,
  },
  Object {
    "bonus": 15,
    "firstname": "Damian",
    "gender": "m",
    "id": 5,
    "lastname": "Strojny",
    "top": 9,
  },
  Object {
    "bonus": 13,
    "firstname": "Edyta",
    "gender": "f",
    "id": 1,
    "lastname": "Tokarczyk",
    "top": 11,
  },
  Object {
    "bonus": 20,
    "firstname": "Monika",
    "gender": "f",
    "id": 8,
    "lastname": "Tokarczyk",
    "top": 25,
  },
]
`;
