// Jest Snapshot v1, https://goo.gl/fbAQLP

exports[`Get all players 1`] = `
Array [
  Object {
    "bonus": 5,
    "firstname": "Wojciech",
    "gender": "m",
    "id": 3,
    "lastname": "Bańczyk",
    "top": 5,
  },
  Object {
    "bonus": 2,
    "firstname": "Jakub",
    "gender": "m",
    "id": 6,
    "lastname": "Bogucki",
    "top": 1,
  },
  Object {
    "bonus": 0,
    "firstname": "Ola",
    "gender": "f",
    "id": 7,
    "lastname": "Chomicz",
    "top": 0,
  },
  Object {
    "bonus": 5,
    "firstname": "Karolina",
    "gender": "f",
    "id": 4,
    "lastname": "Kozakiewicz",
    "top": 4,
  },
  Object {
    "bonus": 0,
    "firstname": "Anna",
    "gender": "f",
    "id": 9,
    "lastname": "Nowak",
    "top": 0,
  },
  Object {
    "bonus": 5,
    "firstname": "Michał",
    "gender": "m",
    "id": 2,
    "lastname": "Nowak",
    "top": 3,
  },
  Object {
    "bonus": 4,
    "firstname": "Damian",
    "gender": "m",
    "id": 5,
    "lastname": "Strojny",
    "top": 3,
  },
  Object {
    "bonus": 3,
    "firstname": "Edyta",
    "gender": "f",
    "id": 1,
    "lastname": "Tokarczyk",
    "top": 2,
  },
  Object {
    "bonus": 0,
    "firstname": "Monika",
    "gender": "f",
    "id": 8,
    "lastname": "Tokarczyk",
    "top": 0,
  },
]
`;
